// Jest Snapshot v1, https://goo.gl/fbAQLP

exports[`QuizContext should render children correctly 1`] = `
<div>
  <div>
    Test
  </div>
</div>
`;
