// Jest Snapshot v1, https://goo.gl/fbAQLP

exports[`Results should render correctly 1`] = `
<div>
  <div
    class="MuiPaper-root MuiPaper-elevation MuiPaper-rounded MuiPaper-elevation1 css-1gtchvp-MuiPaper-root"
    style="--Paper-shadow: 0px 2px 1px -1px rgba(0,0,0,0.2),0px 1px 1px 0px rgba(0,0,0,0.14),0px 1px 3px 0px rgba(0,0,0,0.12);"
  >
    <div
      class="MuiStack-root css-d32kqm-MuiStack-root"
    >
      <p
        class="MuiTypography-root MuiTypography-body1 css-rizt0-MuiTypography-root"
      >
        You got 
        0
         out of 
        2
         answers correct
      </p>
      <p
        class="MuiTypography-root MuiTypography-body1 css-rizt0-MuiTypography-root"
      >
        Would you like to play again?
      </p>
      <button
        class="MuiButtonBase-root MuiButton-root MuiButton-contained MuiButton-containedPrimary MuiButton-sizeMedium MuiButton-containedSizeMedium MuiButton-colorPrimary MuiButton-root MuiButton-contained MuiButton-containedPrimary MuiButton-sizeMedium MuiButton-containedSizeMedium MuiButton-colorPrimary css-74d805-MuiButtonBase-root-MuiButton-root"
        tabindex="0"
        type="button"
      >
        <p
          class="MuiTypography-root MuiTypography-body1 css-rizt0-MuiTypography-root"
        >
          Create New Quiz
        </p>
      </button>
    </div>
  </div>
</div>
`;
